// Jest Snapshot v1, https://goo.gl/fbAQLP

exports[`The endpoint accepts a model file and saves it to the machine learning api. The upload file resolver works from an external graphql request. 1`] = `
Object {
  "data": Object {
    "upload_model": Object {
      "message": "model upload was successful",
      "model": Object {
        "id": "model_response_id",
        "name": "my_model",
      },
      "success": true,
    },
  },
  "errors": undefined,
  "extensions": undefined,
  "http": Object {
    "headers": Headers {
      Symbol(map): Object {},
    },
  },
}
`;
